// Jest Snapshot v1, https://goo.gl/fbAQLP

exports[`<Main /> should render the heading 1`] = `
.c0 {
  background-color: #06092b;
  color: #fff;
  width: 100%;
  height: 100%;
  display: -webkit-box;
  display: -webkit-flex;
  display: -ms-flexbox;
  display: flex;
  -webkit-flex-direction: column;
  -ms-flex-direction: column;
  flex-direction: column;
  -webkit-align-items: center;
  -webkit-box-align: center;
  -ms-flex-align: center;
  align-items: center;
  -webkit-box-pack: center;
  -webkit-justify-content: center;
  -ms-flex-pack: center;
  justify-content: center;
  text-align: center;
}

.c1 {
  font-size: 5rem;
  margin-bottom: 3rem;
}

<div
  class="c0"
>
  <h1
    class="c1"
  >
    Create-react-app Boilerplate
  </h1>
  <h2
    class=""
  >
    Typescript, ReactJS, Jest, RTC, Storybook, Styled-Components
  </h2>
</div>
`;
